Analysis & Synthesis report for Project
Mon May 09 21:42:59 2016
Quartus II Version 9.0 Build 132 02/25/2009 SJ Web Edition


---------------------
; Table of Contents ;
---------------------
  1. Legal Notice
  2. Analysis & Synthesis Summary
  3. Analysis & Synthesis Settings
  4. Analysis & Synthesis Source Files Read
  5. Analysis & Synthesis Resource Usage Summary
  6. Analysis & Synthesis Resource Utilization by Entity
  7. State Machine - |Project|state
  8. Registers Removed During Synthesis
  9. General Register Statistics
 10. Inverted Register Statistics
 11. Multiplexer Restructuring Statistics (Restructuring Performed)
 12. Parameter Settings for User Entity Instance: Top-level Entity: |Project
 13. Analysis & Synthesis Messages
 14. Analysis & Synthesis Suppressed Messages



----------------
; Legal Notice ;
----------------
Copyright (C) 1991-2009 Altera Corporation
Your use of Altera Corporation's design tools, logic functions 
and other software and tools, and its AMPP partner logic 
functions, and any output files from any of the foregoing 
(including device programming or simulation files), and any 
associated documentation or information are expressly subject 
to the terms and conditions of the Altera Program License 
Subscription Agreement, Altera MegaCore Function License 
Agreement, or other applicable license agreement, including, 
without limitation, that your use is for the sole purpose of 
programming logic devices manufactured by Altera and sold by 
Altera or its authorized distributors.  Please refer to the 
applicable agreement for further details.



+------------------------------------------------------------------------------+
; Analysis & Synthesis Summary                                                 ;
+------------------------------------+-----------------------------------------+
; Analysis & Synthesis Status        ; Successful - Mon May 09 21:42:59 2016   ;
; Quartus II Version                 ; 9.0 Build 132 02/25/2009 SJ Web Edition ;
; Revision Name                      ; Project                                 ;
; Top-level Entity Name              ; Project                                 ;
; Family                             ; Cyclone III                             ;
; Total logic elements               ; 2,612                                   ;
;     Total combinational functions  ; 1,908                                   ;
;     Dedicated logic registers      ; 822                                     ;
; Total registers                    ; 822                                     ;
; Total pins                         ; 47                                      ;
; Total virtual pins                 ; 0                                       ;
; Total memory bits                  ; 0                                       ;
; Embedded Multiplier 9-bit elements ; 0                                       ;
; Total PLLs                         ; 0                                       ;
+------------------------------------+-----------------------------------------+


+----------------------------------------------------------------------------------------------------------+
; Analysis & Synthesis Settings                                                                            ;
+----------------------------------------------------------------+--------------------+--------------------+
; Option                                                         ; Setting            ; Default Value      ;
+----------------------------------------------------------------+--------------------+--------------------+
; Device                                                         ; EP3C120F780I7      ;                    ;
; Top-level entity name                                          ; Project            ; Project            ;
; Family name                                                    ; Cyclone III        ; Stratix II         ;
; Use Generated Physical Constraints File                        ; Off                ;                    ;
; Use smart compilation                                          ; Off                ; Off                ;
; Restructure Multiplexers                                       ; Auto               ; Auto               ;
; Create Debugging Nodes for IP Cores                            ; Off                ; Off                ;
; Preserve fewer node names                                      ; On                 ; On                 ;
; Disable OpenCore Plus hardware evaluation                      ; Off                ; Off                ;
; Verilog Version                                                ; Verilog_2001       ; Verilog_2001       ;
; VHDL Version                                                   ; VHDL93             ; VHDL93             ;
; State Machine Processing                                       ; Auto               ; Auto               ;
; Safe State Machine                                             ; Off                ; Off                ;
; Extract Verilog State Machines                                 ; On                 ; On                 ;
; Extract VHDL State Machines                                    ; On                 ; On                 ;
; Ignore Verilog initial constructs                              ; Off                ; Off                ;
; Iteration limit for constant Verilog loops                     ; 5000               ; 5000               ;
; Iteration limit for non-constant Verilog loops                 ; 250                ; 250                ;
; Add Pass-Through Logic to Inferred RAMs                        ; On                 ; On                 ;
; Parallel Synthesis                                             ; Off                ; Off                ;
; DSP Block Balancing                                            ; Auto               ; Auto               ;
; NOT Gate Push-Back                                             ; On                 ; On                 ;
; Power-Up Don't Care                                            ; On                 ; On                 ;
; Remove Redundant Logic Cells                                   ; Off                ; Off                ;
; Remove Duplicate Registers                                     ; On                 ; On                 ;
; Ignore CARRY Buffers                                           ; Off                ; Off                ;
; Ignore CASCADE Buffers                                         ; Off                ; Off                ;
; Ignore GLOBAL Buffers                                          ; Off                ; Off                ;
; Ignore ROW GLOBAL Buffers                                      ; Off                ; Off                ;
; Ignore LCELL Buffers                                           ; Off                ; Off                ;
; Ignore SOFT Buffers                                            ; On                 ; On                 ;
; Limit AHDL Integers to 32 Bits                                 ; Off                ; Off                ;
; Optimization Technique                                         ; Balanced           ; Balanced           ;
; Carry Chain Length                                             ; 70                 ; 70                 ;
; Auto Carry Chains                                              ; On                 ; On                 ;
; Auto Open-Drain Pins                                           ; On                 ; On                 ;
; Perform WYSIWYG Primitive Resynthesis                          ; Off                ; Off                ;
; Auto ROM Replacement                                           ; On                 ; On                 ;
; Auto RAM Replacement                                           ; On                 ; On                 ;
; Auto DSP Block Replacement                                     ; On                 ; On                 ;
; Auto Shift Register Replacement                                ; Auto               ; Auto               ;
; Auto Clock Enable Replacement                                  ; On                 ; On                 ;
; Strict RAM Replacement                                         ; Off                ; Off                ;
; Allow Synchronous Control Signals                              ; On                 ; On                 ;
; Force Use of Synchronous Clear Signals                         ; Off                ; Off                ;
; Auto RAM Block Balancing                                       ; On                 ; On                 ;
; Auto RAM to Logic Cell Conversion                              ; Off                ; Off                ;
; Auto Resource Sharing                                          ; Off                ; Off                ;
; Allow Any RAM Size For Recognition                             ; Off                ; Off                ;
; Allow Any ROM Size For Recognition                             ; Off                ; Off                ;
; Allow Any Shift Register Size For Recognition                  ; Off                ; Off                ;
; Use LogicLock Constraints during Resource Balancing            ; On                 ; On                 ;
; Ignore translate_off and synthesis_off directives              ; Off                ; Off                ;
; Timing-Driven Synthesis                                        ; Off                ; Off                ;
; Show Parameter Settings Tables in Synthesis Report             ; On                 ; On                 ;
; Ignore Maximum Fan-Out Assignments                             ; Off                ; Off                ;
; Synchronization Register Chain Length                          ; 2                  ; 2                  ;
; PowerPlay Power Optimization                                   ; Normal compilation ; Normal compilation ;
; HDL message level                                              ; Level2             ; Level2             ;
; Suppress Register Optimization Related Messages                ; Off                ; Off                ;
; Number of Removed Registers Reported in Synthesis Report       ; 100                ; 100                ;
; Number of Inverted Registers Reported in Synthesis Report      ; 100                ; 100                ;
; Clock MUX Protection                                           ; On                 ; On                 ;
; Auto Gated Clock Conversion                                    ; Off                ; Off                ;
; Block Design Naming                                            ; Auto               ; Auto               ;
; SDC constraint protection                                      ; Off                ; Off                ;
; Synthesis Effort                                               ; Auto               ; Auto               ;
; Allows Asynchronous Clear Usage For Shift Register Replacement ; On                 ; On                 ;
; Analysis & Synthesis Message Level                             ; Medium             ; Medium             ;
+----------------------------------------------------------------+--------------------+--------------------+


+-----------------------------------------------------------------------------------------------------------------------------------+
; Analysis & Synthesis Source Files Read                                                                                            ;
+----------------------------------+-----------------+------------------------+-----------------------------------------------------+
; File Name with User-Entered Path ; Used in Netlist ; File Type              ; File Name with Absolute Path                        ;
+----------------------------------+-----------------+------------------------+-----------------------------------------------------+
; Project.v                        ; yes             ; User Verilog HDL File  ; C:/Users/Mohammed Shilleh/Desktop/Project/Project.v ;
+----------------------------------+-----------------+------------------------+-----------------------------------------------------+


+-----------------------------------------------------------+
; Analysis & Synthesis Resource Usage Summary               ;
+---------------------------------------------+-------------+
; Resource                                    ; Usage       ;
+---------------------------------------------+-------------+
; Estimated Total logic elements              ; 2,612       ;
;                                             ;             ;
; Total combinational functions               ; 1908        ;
; Logic element usage by number of LUT inputs ;             ;
;     -- 4 input functions                    ; 1410        ;
;     -- 3 input functions                    ; 402         ;
;     -- <=2 input functions                  ; 96          ;
;                                             ;             ;
; Logic elements by mode                      ;             ;
;     -- normal mode                          ; 1737        ;
;     -- arithmetic mode                      ; 171         ;
;                                             ;             ;
; Total registers                             ; 822         ;
;     -- Dedicated logic registers            ; 822         ;
;     -- I/O registers                        ; 0           ;
;                                             ;             ;
; I/O pins                                    ; 47          ;
; Maximum fan-out node                        ; clock~input ;
; Maximum fan-out                             ; 822         ;
; Total fan-out                               ; 9592        ;
; Average fan-out                             ; 3.40        ;
+---------------------------------------------+-------------+


+-----------------------------------------------------------------------------------------------------------------------------------------------------------------------------+
; Analysis & Synthesis Resource Utilization by Entity                                                                                                                         ;
+----------------------------+-------------------+--------------+-------------+--------------+---------+-----------+------+--------------+---------------------+--------------+
; Compilation Hierarchy Node ; LC Combinationals ; LC Registers ; Memory Bits ; DSP Elements ; DSP 9x9 ; DSP 18x18 ; Pins ; Virtual Pins ; Full Hierarchy Name ; Library Name ;
+----------------------------+-------------------+--------------+-------------+--------------+---------+-----------+------+--------------+---------------------+--------------+
; |Project                   ; 1908 (1908)       ; 822 (822)    ; 0           ; 0            ; 0       ; 0         ; 47   ; 0            ; |Project            ; work         ;
+----------------------------+-------------------+--------------+-------------+--------------+---------+-----------+------+--------------+---------------------+--------------+
Note: For table entries with two numbers listed, the numbers in parentheses indicate the number of resources of the given type used by the specific entity alone. The numbers listed outside of parentheses indicate the total resources of the given type used by the specific entity and all of its sub-entities in the hierarchy.


Encoding Type:  One-Hot
+-----------------------------------------------------------+
; State Machine - |Project|state                            ;
+-----------+-----------+-----------+-----------+-----------+
; Name      ; state.011 ; state.010 ; state.001 ; state.000 ;
+-----------+-----------+-----------+-----------+-----------+
; state.000 ; 0         ; 0         ; 0         ; 0         ;
; state.001 ; 0         ; 0         ; 1         ; 1         ;
; state.010 ; 0         ; 1         ; 0         ; 1         ;
; state.011 ; 1         ; 0         ; 0         ; 1         ;
+-----------+-----------+-----------+-----------+-----------+


+-----------------------------------------------------------------------------------+
; Registers Removed During Synthesis                                                ;
+------------------------------------------+----------------------------------------+
; Register name                            ; Reason for Removal                     ;
+------------------------------------------+----------------------------------------+
; state~11                                 ; Lost fanout                            ;
; state~12                                 ; Lost fanout                            ;
; state~13                                 ; Lost fanout                            ;
; Memory~527                               ; Stuck at GND due to stuck port data_in ;
; Memory~543                               ; Stuck at GND due to stuck port data_in ;
; Memory~559                               ; Stuck at GND due to stuck port data_in ;
; Memory~575                               ; Stuck at GND due to stuck port data_in ;
; Memory~591                               ; Stuck at GND due to stuck port data_in ;
; Memory~607                               ; Stuck at GND due to stuck port data_in ;
; Memory~623                               ; Stuck at GND due to stuck port data_in ;
; Memory~639                               ; Stuck at GND due to stuck port data_in ;
; Memory~655                               ; Stuck at GND due to stuck port data_in ;
; Memory~671                               ; Stuck at GND due to stuck port data_in ;
; Memory~687                               ; Stuck at GND due to stuck port data_in ;
; Memory~703                               ; Stuck at GND due to stuck port data_in ;
; Memory~719                               ; Stuck at GND due to stuck port data_in ;
; Memory~735                               ; Stuck at GND due to stuck port data_in ;
; Memory~751                               ; Stuck at GND due to stuck port data_in ;
; Memory~767                               ; Stuck at GND due to stuck port data_in ;
; Memory~783                               ; Stuck at GND due to stuck port data_in ;
; Memory~799                               ; Stuck at GND due to stuck port data_in ;
; Memory~815                               ; Stuck at GND due to stuck port data_in ;
; Memory~831                               ; Stuck at GND due to stuck port data_in ;
; Memory~847                               ; Stuck at GND due to stuck port data_in ;
; Memory~863                               ; Stuck at GND due to stuck port data_in ;
; Memory~879                               ; Stuck at GND due to stuck port data_in ;
; Memory~895                               ; Stuck at GND due to stuck port data_in ;
; Memory~911                               ; Stuck at GND due to stuck port data_in ;
; Memory~927                               ; Stuck at GND due to stuck port data_in ;
; Memory~943                               ; Stuck at GND due to stuck port data_in ;
; Memory~959                               ; Stuck at GND due to stuck port data_in ;
; Memory~975                               ; Stuck at GND due to stuck port data_in ;
; Memory~991                               ; Stuck at GND due to stuck port data_in ;
; Memory~1007                              ; Stuck at GND due to stuck port data_in ;
; Memory~1023                              ; Stuck at GND due to stuck port data_in ;
; Memory~1039                              ; Stuck at GND due to stuck port data_in ;
; Memory~1055                              ; Stuck at GND due to stuck port data_in ;
; Memory~1071                              ; Stuck at GND due to stuck port data_in ;
; Memory~1087                              ; Stuck at GND due to stuck port data_in ;
; Memory~1103                              ; Stuck at GND due to stuck port data_in ;
; Memory~1119                              ; Stuck at GND due to stuck port data_in ;
; Memory~1135                              ; Stuck at GND due to stuck port data_in ;
; Memory~1151                              ; Stuck at GND due to stuck port data_in ;
; Memory~1167                              ; Stuck at GND due to stuck port data_in ;
; Memory~1183                              ; Stuck at GND due to stuck port data_in ;
; Memory~1199                              ; Stuck at GND due to stuck port data_in ;
; Memory~1215                              ; Stuck at GND due to stuck port data_in ;
; Memory~1231                              ; Stuck at GND due to stuck port data_in ;
; Memory~1247                              ; Stuck at GND due to stuck port data_in ;
; Memory~1263                              ; Stuck at GND due to stuck port data_in ;
; Memory~1279                              ; Stuck at GND due to stuck port data_in ;
; Memory~1295                              ; Stuck at GND due to stuck port data_in ;
; Memory~1311                              ; Stuck at GND due to stuck port data_in ;
; Memory~1327                              ; Stuck at GND due to stuck port data_in ;
; Memory~1343                              ; Stuck at GND due to stuck port data_in ;
; Memory~1359                              ; Stuck at GND due to stuck port data_in ;
; Memory~1375                              ; Stuck at GND due to stuck port data_in ;
; Memory~1391                              ; Stuck at GND due to stuck port data_in ;
; Memory~1407                              ; Stuck at GND due to stuck port data_in ;
; Memory~1423                              ; Stuck at GND due to stuck port data_in ;
; Memory~1439                              ; Stuck at GND due to stuck port data_in ;
; Memory~1455                              ; Stuck at GND due to stuck port data_in ;
; Memory~1471                              ; Stuck at GND due to stuck port data_in ;
; Memory~1487                              ; Stuck at GND due to stuck port data_in ;
; Memory~1503                              ; Stuck at GND due to stuck port data_in ;
; Memory~1519                              ; Stuck at GND due to stuck port data_in ;
; Memory~1535                              ; Stuck at GND due to stuck port data_in ;
; Memory~1551                              ; Stuck at GND due to stuck port data_in ;
; Memory~1567                              ; Stuck at GND due to stuck port data_in ;
; Memory~1583                              ; Stuck at GND due to stuck port data_in ;
; Memory~1599                              ; Stuck at GND due to stuck port data_in ;
; Memory~1615                              ; Stuck at GND due to stuck port data_in ;
; Memory~1631                              ; Stuck at GND due to stuck port data_in ;
; Memory~1647                              ; Stuck at GND due to stuck port data_in ;
; Memory~1663                              ; Stuck at GND due to stuck port data_in ;
; Memory~1679                              ; Stuck at GND due to stuck port data_in ;
; Memory~1695                              ; Stuck at GND due to stuck port data_in ;
; Memory~1711                              ; Stuck at GND due to stuck port data_in ;
; Memory~1727                              ; Stuck at GND due to stuck port data_in ;
; Memory~1743                              ; Stuck at GND due to stuck port data_in ;
; Memory~1759                              ; Stuck at GND due to stuck port data_in ;
; Memory~1775                              ; Stuck at GND due to stuck port data_in ;
; Memory~1791                              ; Stuck at GND due to stuck port data_in ;
; Memory~1807                              ; Stuck at GND due to stuck port data_in ;
; Memory~1823                              ; Stuck at GND due to stuck port data_in ;
; Memory~1839                              ; Stuck at GND due to stuck port data_in ;
; Memory~1855                              ; Stuck at GND due to stuck port data_in ;
; Memory~1871                              ; Stuck at GND due to stuck port data_in ;
; Memory~1887                              ; Stuck at GND due to stuck port data_in ;
; Memory~1903                              ; Stuck at GND due to stuck port data_in ;
; Memory~1919                              ; Stuck at GND due to stuck port data_in ;
; Memory~1935                              ; Stuck at GND due to stuck port data_in ;
; Memory~1951                              ; Stuck at GND due to stuck port data_in ;
; Memory~1967                              ; Stuck at GND due to stuck port data_in ;
; Memory~1983                              ; Stuck at GND due to stuck port data_in ;
; Memory~1999                              ; Stuck at GND due to stuck port data_in ;
; Memory~2015                              ; Stuck at GND due to stuck port data_in ;
; Memory~2031                              ; Stuck at GND due to stuck port data_in ;
; Memory~2047                              ; Stuck at GND due to stuck port data_in ;
; Memory~528                               ; Stuck at GND due to stuck port data_in ;
; Total Number of Removed Registers = 1539 ;                                        ;
+------------------------------------------+----------------------------------------+
* Table truncated at 100 items. To change the number of removed registers reported, set the "Number of Removed Registers Reported" option under Assignments->Settings->Analysis and Synthesis Settings->More Settings


+------------------------------------------------------+
; General Register Statistics                          ;
+----------------------------------------------+-------+
; Statistic                                    ; Value ;
+----------------------------------------------+-------+
; Total registers                              ; 822   ;
; Number of registers using Synchronous Clear  ; 6     ;
; Number of registers using Synchronous Load   ; 14    ;
; Number of registers using Asynchronous Clear ; 0     ;
; Number of registers using Asynchronous Load  ; 0     ;
; Number of registers using Clock Enable       ; 814   ;
; Number of registers using Preset             ; 0     ;
+----------------------------------------------+-------+


+--------------------------------------------------+
; Inverted Register Statistics                     ;
+----------------------------------------+---------+
; Inverted Register                      ; Fan out ;
+----------------------------------------+---------+
; PC[1]~reg0                             ; 3       ;
; PC[3]~reg0                             ; 3       ;
; Total number of inverted registers = 2 ;         ;
+----------------------------------------+---------+


+------------------------------------------------------------------------------------------------------------------------------------------+
; Multiplexer Restructuring Statistics (Restructuring Performed)                                                                           ;
+--------------------+-----------+---------------+----------------------+------------------------+------------+----------------------------+
; Multiplexer Inputs ; Bus Width ; Baseline Area ; Area if Restructured ; Saving if Restructured ; Registered ; Example Multiplexer Output ;
+--------------------+-----------+---------------+----------------------+------------------------+------------+----------------------------+
; 16:1               ; 4 bits    ; 40 LEs        ; 4 LEs                ; 36 LEs                 ; Yes        ; |Project|TOS[1]            ;
; 4:1                ; 5 bits    ; 10 LEs        ; 5 LEs                ; 5 LEs                  ; Yes        ; |Project|PC[5]~reg0        ;
; 21:1               ; 15 bits   ; 210 LEs       ; 45 LEs               ; 165 LEs                ; Yes        ; |Project|R[15][15]         ;
; 21:1               ; 16 bits   ; 224 LEs       ; 48 LEs               ; 176 LEs                ; Yes        ; |Project|R[14][4]          ;
; 21:1               ; 16 bits   ; 224 LEs       ; 48 LEs               ; 176 LEs                ; Yes        ; |Project|R[13][5]          ;
; 21:1               ; 16 bits   ; 224 LEs       ; 48 LEs               ; 176 LEs                ; Yes        ; |Project|R[12][11]         ;
; 21:1               ; 16 bits   ; 224 LEs       ; 48 LEs               ; 176 LEs                ; Yes        ; |Project|R[11][1]          ;
; 21:1               ; 16 bits   ; 224 LEs       ; 48 LEs               ; 176 LEs                ; Yes        ; |Project|R[10][9]          ;
; 21:1               ; 16 bits   ; 224 LEs       ; 48 LEs               ; 176 LEs                ; Yes        ; |Project|R[9][8]           ;
; 21:1               ; 16 bits   ; 224 LEs       ; 48 LEs               ; 176 LEs                ; Yes        ; |Project|R[8][15]          ;
; 21:1               ; 16 bits   ; 224 LEs       ; 48 LEs               ; 176 LEs                ; Yes        ; |Project|R[7][15]          ;
; 21:1               ; 16 bits   ; 224 LEs       ; 48 LEs               ; 176 LEs                ; Yes        ; |Project|R[6][15]          ;
; 21:1               ; 16 bits   ; 224 LEs       ; 48 LEs               ; 176 LEs                ; Yes        ; |Project|R[5][15]          ;
; 21:1               ; 16 bits   ; 224 LEs       ; 48 LEs               ; 176 LEs                ; Yes        ; |Project|R[4][5]           ;
; 21:1               ; 10 bits   ; 140 LEs       ; 40 LEs               ; 100 LEs                ; Yes        ; |Project|R[3][8]           ;
; 21:1               ; 6 bits    ; 84 LEs        ; 24 LEs               ; 60 LEs                 ; Yes        ; |Project|R[3][3]           ;
; 21:1               ; 16 bits   ; 224 LEs       ; 48 LEs               ; 176 LEs                ; Yes        ; |Project|R[1][15]          ;
; 21:1               ; 16 bits   ; 224 LEs       ; 48 LEs               ; 176 LEs                ; Yes        ; |Project|R[0][15]          ;
; 22:1               ; 15 bits   ; 210 LEs       ; 60 LEs               ; 150 LEs                ; Yes        ; |Project|R[2][9]           ;
; 17:1               ; 2 bits    ; 22 LEs        ; 2 LEs                ; 20 LEs                 ; Yes        ; |Project|MAR[6]~reg0       ;
; 20:1               ; 4 bits    ; 52 LEs        ; 8 LEs                ; 44 LEs                 ; Yes        ; |Project|MAR[2]~reg0       ;
; 34:1               ; 6 bits    ; 132 LEs       ; 72 LEs               ; 60 LEs                 ; Yes        ; |Project|MBR[11]~reg0      ;
; 34:1               ; 5 bits    ; 110 LEs       ; 65 LEs               ; 45 LEs                 ; Yes        ; |Project|MBR[8]~reg0       ;
; 33:1               ; 4 bits    ; 88 LEs        ; 56 LEs               ; 32 LEs                 ; Yes        ; |Project|MBR[2]~reg0       ;
; 4:1                ; 2 bits    ; 4 LEs         ; 2 LEs                ; 2 LEs                  ; Yes        ; |Project|PC[3]~reg0        ;
; 3:1                ; 16 bits   ; 32 LEs        ; 16 LEs               ; 16 LEs                 ; No         ; |Project|ShiftLeft0        ;
; 4:1                ; 16 bits   ; 32 LEs        ; 32 LEs               ; 0 LEs                  ; No         ; |Project|Mux97             ;
; 4:1                ; 8 bits    ; 16 LEs        ; 16 LEs               ; 0 LEs                  ; No         ; |Project|ShiftLeft0        ;
; 5:1                ; 16 bits   ; 48 LEs        ; 32 LEs               ; 16 LEs                 ; No         ; |Project|Mux115            ;
; 5:1                ; 16 bits   ; 48 LEs        ; 48 LEs               ; 0 LEs                  ; No         ; |Project|Mux109            ;
; 5:1                ; 4 bits    ; 12 LEs        ; 12 LEs               ; 0 LEs                  ; No         ; |Project|ShiftRight0       ;
; 6:1                ; 4 bits    ; 16 LEs        ; 16 LEs               ; 0 LEs                  ; No         ; |Project|ShiftRight0       ;
; 7:1                ; 2 bits    ; 8 LEs         ; 4 LEs                ; 4 LEs                  ; No         ; |Project|Selector89        ;
; 8:1                ; 16 bits   ; 80 LEs        ; 80 LEs               ; 0 LEs                  ; No         ; |Project|Mux108            ;
; 9:1                ; 4 bits    ; 24 LEs        ; 8 LEs                ; 16 LEs                 ; No         ; |Project|Selector92        ;
; 6:1                ; 4 bits    ; 16 LEs        ; 4 LEs                ; 12 LEs                 ; No         ; |Project|Selector87        ;
+--------------------+-----------+---------------+----------------------+------------------------+------------+----------------------------+


+-------------------------------------------------------------------------+
; Parameter Settings for User Entity Instance: Top-level Entity: |Project ;
+----------------+-------+------------------------------------------------+
; Parameter Name ; Value ; Type                                           ;
+----------------+-------+------------------------------------------------+
; load           ; 0011  ; Unsigned Binary                                ;
; store          ; 1011  ; Unsigned Binary                                ;
; add            ; 0111  ; Unsigned Binary                                ;
; cmp            ; 1101  ; Unsigned Binary                                ;
; sl             ; 1110  ; Unsigned Binary                                ;
; sr             ; 1111  ; Unsigned Binary                                ;
; div            ; 0010  ; Unsigned Binary                                ;
; pull           ; 0001  ; Unsigned Binary                                ;
; jump           ; 1100  ; Unsigned Binary                                ;
; push           ; 0000  ; Unsigned Binary                                ;
; direct         ; 000   ; Unsigned Binary                                ;
; indirect       ; 001   ; Unsigned Binary                                ;
; immediate      ; 010   ; Unsigned Binary                                ;
; register       ; 011   ; Unsigned Binary                                ;
; stack          ; 100   ; Unsigned Binary                                ;
+----------------+-------+------------------------------------------------+
Note: In order to hide this table in the UI and the text report file, please set the "Show Parameter Settings Tables in Synthesis Report" option in "Analysis and Synthesis Settings -> More Settings" to "Off".


+-------------------------------+
; Analysis & Synthesis Messages ;
+-------------------------------+
Info: *******************************************************************
Info: Running Quartus II Analysis & Synthesis
    Info: Version 9.0 Build 132 02/25/2009 SJ Web Edition
    Info: Processing started: Mon May 09 21:42:48 2016
Info: Command: quartus_map --read_settings_files=on --write_settings_files=off Project -c Project
Info: Found 1 design units, including 1 entities, in source file Project.v
    Info: Found entity 1: Project
Warning (10227): Verilog HDL Port Declaration warning at Project.v(22): data type declaration for "PC" declares packed dimensions but the port declaration declaration does not
Info (10151): Verilog HDL Declaration information at Project.v(3): "PC" is declared here
Warning (10227): Verilog HDL Port Declaration warning at Project.v(21): data type declaration for "IR" declares packed dimensions but the port declaration declaration does not
Info (10151): Verilog HDL Declaration information at Project.v(3): "IR" is declared here
Warning (10227): Verilog HDL Port Declaration warning at Project.v(21): data type declaration for "MBR" declares packed dimensions but the port declaration declaration does not
Info (10151): Verilog HDL Declaration information at Project.v(3): "MBR" is declared here
Warning (10227): Verilog HDL Port Declaration warning at Project.v(26): data type declaration for "MAR" declares packed dimensions but the port declaration declaration does not
Info (10151): Verilog HDL Declaration information at Project.v(3): "MAR" is declared here
Info: Elaborating entity "Project" for the top level hierarchy
Warning (10230): Verilog HDL assignment warning at Project.v(85): truncated value with size 32 to match size of target (7)
Warning (10230): Verilog HDL assignment warning at Project.v(382): truncated value with size 32 to match size of target (4)
Warning (10230): Verilog HDL assignment warning at Project.v(390): truncated value with size 32 to match size of target (4)
Warning (10230): Verilog HDL assignment warning at Project.v(407): truncated value with size 32 to match size of target (4)
Info: Found 1 instances of uninferred RAM logic
    Info: RAM logic "Memory" is uninferred due to asynchronous read logic
Warning: Memory Initialization File or Hexadecimal (Intel-Format) File "Project.ram0_Project_2ceb2a32.hdl.mif" contains "don't care" values -- overwriting them with 0s
Info: 3 registers lost all their fanouts during netlist optimizations. The first 3 are displayed below.
    Info: Register "state~11" lost all its fanouts during netlist optimizations.
    Info: Register "state~12" lost all its fanouts during netlist optimizations.
    Info: Register "state~13" lost all its fanouts during netlist optimizations.
Info: Generated suppressed messages file C:/Users/Mohammed Shilleh/Desktop/Project/Project.map.smsg
Info: Implemented 2691 device resources after synthesis - the final resource count might be different
    Info: Implemented 1 input pins
    Info: Implemented 46 output pins
    Info: Implemented 2644 logic cells
Info: Quartus II Analysis & Synthesis was successful. 0 errors, 9 warnings
    Info: Peak virtual memory: 253 megabytes
    Info: Processing ended: Mon May 09 21:42:59 2016
    Info: Elapsed time: 00:00:11
    Info: Total CPU time (on all processors): 00:00:11


+------------------------------------------+
; Analysis & Synthesis Suppressed Messages ;
+------------------------------------------+
The suppressed messages can be found in C:/Users/Mohammed Shilleh/Desktop/Project/Project.map.smsg.


